Standard Commons Logging discovery in action with spring-jcl: please remove commons-logging.jar from classpath in order to avoid potential conflicts

  .   ____          _            __ _ _
 /\\ / ___'_ __ _ _(_)_ __  __ _ \ \ \ \
( ( )\___ | '_ | '_| | '_ \/ _` | \ \ \ \
 \\/  ___)| |_)| | | | | || (_| |  ) ) ) )
  '  |____| .__|_| |_|_| |_\__, | / / / /
 =========|_|==============|___/=/_/_/_/

 :: Spring Boot ::                (v3.5.6)

2026-07-03 07:22:36.042 [background-preinit] [] INFO  org.hibernate.validator.internal.util.Version - HV000001: Hibernate Validator 8.0.3.Final
2026-07-03 07:22:36.204 [main] [] INFO  com.twixor.base64convertor.Base64convertorApplication - Starting Base64convertorApplication v0.0.1-SNAPSHOT using Java 21.0.11 with PID 3640 (/opt/base64convertor/base64convertor/target/base64convertor-0.0.1-SNAPSHOT.jar started by twixor in /opt/base64convertor/base64convertor)
2026-07-03 07:22:36.218 [main] [] INFO  com.twixor.base64convertor.Base64convertorApplication - No active profile set, falling back to 1 default profile: "default"
2026-07-03 07:22:41.933 [main] [] INFO  org.springframework.boot.web.embedded.tomcat.TomcatWebServer - Tomcat initialized with port 8080 (http)
2026-07-03 07:22:41.987 [main] [] INFO  org.apache.coyote.http11.Http11NioProtocol - Initializing ProtocolHandler ["http-nio-8080"]
2026-07-03 07:22:42.002 [main] [] INFO  org.apache.catalina.core.StandardService - Starting service [Tomcat]
2026-07-03 07:22:42.002 [main] [] INFO  org.apache.catalina.core.StandardEngine - Starting Servlet engine: [Apache Tomcat/10.1.46]
2026-07-03 07:22:42.077 [main] [] INFO  org.apache.catalina.core.ContainerBase.[Tomcat].[localhost].[/] - Initializing Spring embedded WebApplicationContext
2026-07-03 07:22:42.081 [main] [] INFO  org.springframework.boot.web.servlet.context.ServletWebServerApplicationContext - Root WebApplicationContext: initialization completed in 5735 ms
Standard Commons Logging discovery in action with spring-jcl: please remove commons-logging.jar from classpath in order to avoid potential conflicts
2026-07-03 07:22:42.825 [main] [] INFO  com.twixor.base64convertor.fileconversion.service.FileConversionService - Initialized cache directory: /opt/base64convertor/base64convertor/runtime-data/cache
2026-07-03 07:22:43.408 [main] [] INFO  com.twixor.base64convertor.common.config.UnsafeRestTemplate - HttpClient initialised: trust-all-SSL=true, maxConn=200, maxPerRoute=20, connect=30s, response=60s
2026-07-03 07:22:45.172 [main] [] INFO  org.apache.coyote.http11.Http11NioProtocol - Starting ProtocolHandler ["http-nio-8080"]
2026-07-03 07:22:45.267 [main] [] INFO  org.springframework.boot.web.embedded.tomcat.TomcatWebServer - Tomcat started on port 8080 (http) with context path '/'
2026-07-03 07:22:45.541 [main] [] INFO  org.springframework.boot.web.embedded.tomcat.TomcatWebServer - Tomcat initialized with port 9090 (http)
2026-07-03 07:22:45.543 [main] [] INFO  org.apache.coyote.http11.Http11NioProtocol - Initializing ProtocolHandler ["http-nio-9090"]
2026-07-03 07:22:45.544 [main] [] INFO  org.apache.catalina.core.StandardService - Starting service [Tomcat]
2026-07-03 07:22:45.545 [main] [] INFO  org.apache.catalina.core.StandardEngine - Starting Servlet engine: [Apache Tomcat/10.1.46]
2026-07-03 07:22:45.552 [main] [] INFO  org.apache.catalina.core.ContainerBase.[Tomcat-1].[localhost].[/] - Initializing Spring embedded WebApplicationContext
2026-07-03 07:22:45.552 [main] [] INFO  org.springframework.boot.web.servlet.context.ServletWebServerApplicationContext - Root WebApplicationContext: initialization completed in 273 ms
Standard Commons Logging discovery in action with spring-jcl: please remove commons-logging.jar from classpath in order to avoid potential conflicts
2026-07-03 07:22:45.607 [main] [] INFO  org.springframework.boot.actuate.endpoint.web.EndpointLinksResolver - Exposing 4 endpoints beneath base path '/actuator'
2026-07-03 07:22:45.705 [main] [] INFO  org.apache.coyote.http11.Http11NioProtocol - Starting ProtocolHandler ["http-nio-9090"]
2026-07-03 07:22:45.719 [main] [] INFO  org.springframework.boot.web.embedded.tomcat.TomcatWebServer - Tomcat started on port 9090 (http) with context path '/'
2026-07-03 07:22:45.764 [main] [] INFO  com.twixor.base64convertor.Base64convertorApplication - Started Base64convertorApplication in 10.925 seconds (process running for 13.842)
2026-07-03 07:22:45.966 [main] [] INFO  com.twixor.base64convertor.common.service.Base64OutputWriter - Running startup cleanup of expired Base64/decoded output files...
🚀 Base64 Convertor Application started...
2026-07-03 07:22:56.708 [http-nio-8080-exec-1] [] INFO  org.apache.catalina.core.ContainerBase.[Tomcat].[localhost].[/] - Initializing Spring DispatcherServlet 'dispatcherServlet'
2026-07-03 07:22:56.709 [http-nio-8080-exec-1] [] INFO  org.springframework.web.servlet.DispatcherServlet - Initializing Servlet 'dispatcherServlet'
2026-07-03 07:22:56.712 [http-nio-8080-exec-1] [] INFO  org.springframework.web.servlet.DispatcherServlet - Completed initialization in 2 ms
Ping endpoint hit!
2026-07-03 08:08:06.332 [SpringApplicationShutdownHook] [] INFO  org.springframework.boot.web.embedded.tomcat.GracefulShutdown - Commencing graceful shutdown. Waiting for active requests to complete
2026-07-03 08:08:06.892 [tomcat-shutdown] [] INFO  org.springframework.boot.web.embedded.tomcat.GracefulShutdown - Graceful shutdown complete
2026-07-03 08:08:06.911 [SpringApplicationShutdownHook] [] INFO  org.springframework.boot.web.embedded.tomcat.GracefulShutdown - Commencing graceful shutdown. Waiting for active requests to complete
2026-07-03 08:08:06.919 [tomcat-shutdown] [] INFO  org.springframework.boot.web.embedded.tomcat.GracefulShutdown - Graceful shutdown complete
